arm 1: SDL_OPENSTEP_MUTEX=block SDL_OPENSTEP_THREAD_PRIORITY=off
sound_init: want 49716Hz fmt=0x8010 ch=2 samples=1024 / have 49716Hz fmt=0x8010 ch=2 samples=1024
INFO: OPENSTEP audio: 1258 buffers of 2756 frames, 6 queued; worst wait 545 ms, worst submit 87 ms
INFO: OPENSTEP audio: this thread base priority 10, current 8, max 18, depressed 0
INFO: OPENSTEP audio: SDL mutexes block; 13974 acquisitions took 239 ms in total, worst 120 ms
INFO: OPENSTEP audio: refill gap ms    <25:1051  <50:61 <100:113 <150:30 <250:2 <375:0 <500:0 >=500:0   worst 240 ms
INFO: OPENSTEP audio: 32 gaps over 100 ms; first 32, as (seconds into the run, gap ms, cpu ms in that gap):
INFO: OPENSTEP audio:   41.800  gap 126  cpu 30
INFO: OPENSTEP audio:   42.710  gap 126  cpu 30
INFO: OPENSTEP audio:   43.760  gap 126  cpu 30
INFO: OPENSTEP audio:   44.180  gap 126  cpu 30
INFO: OPENSTEP audio:   45.019  gap 126  cpu 30
INFO: OPENSTEP audio:   45.579  gap 126  cpu 30
INFO: OPENSTEP audio:   46.125  gap 111  cpu 30
INFO: OPENSTEP audio:   46.700  gap 126  cpu 30
INFO: OPENSTEP audio:   47.036  gap 117  cpu 30
INFO: OPENSTEP audio:   49.443  gap 106  cpu 10
INFO: OPENSTEP audio:   50.935  gap 112  cpu 30
INFO: OPENSTEP audio:   58.658  gap 147  cpu 30
INFO: OPENSTEP audio:   59.211  gap 104  cpu 20
INFO: OPENSTEP audio:   60.821  gap 103  cpu 20
INFO: OPENSTEP audio:   63.072  gap 105  cpu 20
INFO: OPENSTEP audio:   63.672  gap 104  cpu 20
INFO: OPENSTEP audio:   66.170  gap 103  cpu 20
INFO: OPENSTEP audio:   66.347  gap 104  cpu 30
INFO: OPENSTEP audio:   67.534  gap 148  cpu 20
INFO: OPENSTEP audio:   69.461  gap 103  cpu 20
INFO: OPENSTEP audio:   70.293  gap 104  cpu 20
INFO: OPENSTEP audio:   71.190  gap 147  cpu 30
INFO: OPENSTEP audio:   73.250  gap 147  cpu 30
INFO: OPENSTEP audio:   73.964  gap 103  cpu 30
INFO: OPENSTEP audio:   74.160  gap 103  cpu 20
INFO: OPENSTEP audio:   74.657  gap 105  cpu 30
INFO: OPENSTEP audio:   74.949  gap 147  cpu 30
INFO: OPENSTEP audio:   76.051  gap 240  cpu 20
INFO: OPENSTEP audio:   77.261  gap 103  cpu 20
INFO: OPENSTEP audio:   77.965  gap 104  cpu 30
INFO: OPENSTEP audio:   78.869  gap 147  cpu 30
INFO: OPENSTEP audio:   79.800  gap 190  cpu 20
=== Uncharted Waters — C/SDL2 Engine ===
[water1] Running opening...
[water1] Running menu...
[water1] Running main game (load)...
[water1] Game quit.
[water1] Done.
